1-.
clonamoes el repositorio
[alex@ArchAlex Practica-1-git]$ git clone https://github.com/AlexSilvaa9/umafactorial.git
Cloning into 'umafactorial'...
warning: You appear to have cloned an empty repository.

cambiamos al directorio de trabajo
[alex@ArchAlex Practica-1-git]$ cd umafactorial


3-.
añadimos el archivo
[alex@ArchAlex umafactorial]$ git add .

hacemos commit
[alex@ArchAlex umafactorial]$ git commit -m "implementacion inicial"
[master (root-commit) 6201587] implementacion inicial
 1 file changed, 14 insertions(+)
 create mode 100644 factorial.java

4-.
cambiamos el .java y hacemos commit
[alex@ArchAlex umafactorial]$ git add .
[alex@ArchAlex umafactorial]$ git commit -m "refactorizacion"
[master 0e4c732] refactorizacion
 1 file changed, 9 insertions(+), 5 deletions(-)

5-.
hacemos push al repositorio de github
[alex@ArchAlex umafactorial]$ git push origin master
Enumerating objects: 6, done.
Counting objects: 100% (6/6), done.
Delta compression using up to 16 threads
Compressing objects: 100% (4/4), done.
Writing objects: 100% (6/6), 721 bytes | 721.00 KiB/s, done.
Total 6 (delta 1), reused 0 (delta 0), pack-reused 0
remote: Resolving deltas: 100% (1/1), done.
To https://github.com/AlexSilvaa9/umafactorial.git
 * [new branch]      master -> master

creamos y nos ponemos en la rama recursivo

[alex@ArchAlex umafactorial]$ git checkout -b recursivo
Switched to a new branch 'recursivo'

7-.
cambiamos el .java, hacemos commit y lo subimos a github en una nueva rama

[alex@ArchAlex umafactorial]$ git add .
[alex@ArchAlex umafactorial]$ git commit -m "implementacion recursiva"
[recursivo be74a4c] implementacion recursiva
 1 file changed, 4 insertions(+), 4 deletions(-)

comando para subirlo a github
[alex@ArchAlex umafactorial]$ git push origin -u recursivo
Enumerating objects: 5, done.
Counting objects: 100% (5/5), done.
Delta compression using up to 16 threads
Compressing objects: 100% (2/2), done.
Writing objects: 100% (3/3), 340 bytes | 340.00 KiB/s, done.
Total 3 (delta 1), reused 0 (delta 0), pack-reused 0
remote: Resolving deltas: 100% (1/1), completed with 1 local object.
remote: 
remote: Create a pull request for 'recursivo' on GitHub by visiting:
remote:      https://github.com/AlexSilvaa9/umafactorial/pull/new/recursivo
remote: 
To https://github.com/AlexSilvaa9/umafactorial.git
 * [new branch]      recursivo -> recursivo
branch 'recursivo' set up to track 'origin/recursivo'.

8-.
volvemos a master
[alex@ArchAlex umafactorial]$ git checkout master
Switched to branch 'master'
Your branch is up to date with 'origin/master'.

comando para ver visualmente las ramas (& para que corra en segundo plano)
[alex@ArchAlex umafactorial]$ gitk --all &
[1] 48260

10-.
despues de modificar el archivo se sube a master
[alex@ArchAlex umafactorial]$ git add .

[alex@ArchAlex umafactorial]$ git commit -m "correccion numeros negativos"
[master f26f749] correccion numeros negativos
 1 file changed, 5 insertions(+), 1 deletion(-)

[alex@ArchAlex umafactorial]$ git push origin master
Enumerating objects: 5, done.
Counting objects: 100% (5/5), done.
Delta compression using up to 16 threads
Compressing objects: 100% (2/2), done.
Writing objects: 100% (3/3), 376 bytes | 376.00 KiB/s, done.
Total 3 (delta 1), reused 0 (delta 0), pack-reused 0
remote: Resolving deltas: 100% (1/1), completed with 1 local object.
To https://github.com/AlexSilvaa9/umafactorial.git
   0e4c732..f26f749  master -> master

11-.
cambiamos a recursivo y lo optimizamos, lo commiteamos.
[alex@ArchAlex umafactorial]$ git checkout recursivo
Switched to branch 'recursivo'
Your branch is up to date with 'origin/recursivo'.

[alex@ArchAlex umafactorial]$ git add .

[alex@ArchAlex umafactorial]$ git commit -m optimizacion
[recursivo be067c1] optimizacion
 1 file changed, 1 insertion(+), 1 deletion(-)

 12-.
[alex@ArchAlex umafactorial]$ git checkout master
Switched to branch 'master'
Your branch is up to date with 'origin/master'.

Hacemos merge de recursivo en main
[alex@ArchAlex umafactorial]$ git merge recursivo
Auto-merging factorial.java
Merge made by the 'ort' strategy.
 factorial.java | 8 ++++----
 1 file changed, 4 insertions(+), 4 deletions(-)

lo visualizamos
[alex@ArchAlex umafactorial]$ gitk --all &
[2] 53181

13-.creamos otra rama
[alex@ArchAlex umafactorial]$ git checkout -b refactIO
Switched to a new branch 'refactIO'

14-.
lo commiteamos
[alex@ArchAlex umafactorial]$ git add .
[alex@ArchAlex umafactorial]$ git commit -m "refactorizacion de metodo de entrada"
[refactIO 4abe2e1] refactorizacion de metodo de entrada
 1 file changed, 8 insertions(+), 4 deletions(-)

15-.guardamos progreso y volvemos a master
[alex@ArchAlex umafactorial]$ git stash
Saved working directory and index state WIP on refactIO: 4abe2e1 refactorizacion de metodo de entrada

[alex@ArchAlex umafactorial]$ git checkout master
Switched to branch 'master'
Your branch is ahead of 'origin/master' by 3 commits.
  (use "git push" to publish your local commits)

16-. hacemos cambios y commit en master
[alex@ArchAlex umafactorial]$ git add .

[alex@ArchAlex umafactorial]$ git commit -m "cambio de long a BigInteger"
[master f53da76] cambio de long a BigInteger
 1 file changed, 11 insertions(+), 8 deletions(-)

volvemos a la rama refactIO
[alex@ArchAlex umafactorial]$ git checkout refactIO
Switched to branch 'refactIO'

volvemos a los cambios guardados de antes
[alex@ArchAlex umafactorial]$ git stash pop
On branch refactIO
Changes not staged for commit:
  (use "git add <file>..." to update what will be committed)
  (use "git restore <file>..." to discard changes in working directory)
        modified:   factorial.java

no changes added to commit (use "git add" and/or "git commit -a")
Dropped refs/stash@{0} (a72457a176e9f536fc4aafe1128870fb48a80378)

hacemos commit de la rama

[alex@ArchAlex umafactorial]$ git commit -m "refactorizacion de metodo de salida"
[refactIO 75466a7] refactorizacion de metodo de salida
 1 file changed, 6 insertions(+), 2 deletions(-)

[alex@ArchAlex umafactorial]$ git checkout master
Switched to branch 'master'
Your branch is ahead of 'origin/master' by 4 commits.
  (use "git push" to publish your local commits)

17-.
hacemos merge que falla
[alex@ArchAlex umafactorial]$ git merge refactIO
Auto-merging factorial.java
CONFLICT (content): Merge conflict in factorial.java
Automatic merge failed; fix conflicts and then commit the result.

19-.
resolvemos conflictos y hacemos commit
[alex@ArchAlex umafactorial]$ git add .

[alex@ArchAlex umafactorial]$ git commit -m "mezcla de rama refactIO"
[master 4af2b25] mezcla de rama refactIO
